<?xml version="1.0" encoding="UTF-8"?>
<TestRun id="2df4bc68-b7d7-4043-9c40-e4675fcd1ec3" name="user1@IBM-F6410F 2013-03-21 00:34:23" runUser="IBM-F6410F\user1" xmlns="http://microsoft.com/schemas/VisualStudio/TeamTest/2010">
  <TestSettings name="Local" id="b195a5b5-b32f-4cf1-a8eb-b9abeca63056">
    <Description>Il s'agit des paramètres de test par défaut pour une série de tests locale.</Description>
    <Deployment enabled="false" runDeploymentRoot="user1_IBM-F6410F 2013-03-21 00_34_23">
      <DeploymentItem filename="C:\Documents and Settings\user1\Mes documents\Google Drive\Formation\C#__.net -- 819\Projet de session\ATRCommissions 2010\ATRCommissions\bin\Debug\ATRCommissions.exe" />
    </Deployment>
    <Execution>
      <TestTypeSpecific />
      <AgentRule name="Execution Agents">
      </AgentRule>
    </Execution>
  </TestSettings>
  <Times creation="2013-03-21T00:34:23.7500000-04:00" queuing="2013-03-21T00:34:25.6875000-04:00" start="2013-03-21T00:34:25.9843750-04:00" finish="2013-03-21T00:34:27.9375000-04:00" />
  <ResultSummary outcome="Completed">
    <Counters total="5" executed="5" passed="5" error="0" failed="0" timeout="0" aborted="0" inconclusive="0" passedButRunAborted="0" notRunnable="0" notExecuted="0" disconnected="0" warning="0" completed="0" inProgress="0" pending="0" />
  </ResultSummary>
  <TestDefinitions>
    <UnitTest name="LoginTest" storage="c:\documents and settings\user1\mes documents\google drive\formation\c#__.net -- 819\projet de session\atrcommissions 2010\atrcommissions\testatrcommissions\bin\release\testatrcommissions.dll" id="34728c7d-0743-621d-299e-b9ee219d2705">
      <Execution id="5cfa1f3b-9400-4c00-9dcc-758b6ef3dfc5" />
      <TestMethod codeBase="C:/Documents and Settings/user1/Mes documents/Google Drive/Formation/C#__.net -- 819/Projet de session/ATRCommissions 2010/ATRCommissions/TestATRCommissions/bin/Release/TestATRCommissions.DLL" adapterTypeName="Microsoft.VisualStudio.TestTools.TestTypes.Unit.UnitTestAdapter, Microsoft.VisualStudio.QualityTools.Tips.UnitTest.Adapter, Version=10.0.0.0, Culture=neutral, PublicKeyToken=b03f5f7f11d50a3a" className="TestATRCommissions.DAOTest, TestATRCommissions, Version=1.0.0.0, Culture=neutral, PublicKeyToken=null" name="LoginTest" />
    </UnitTest>
    <UnitTest name="SetNextMonthTest" storage="c:\documents and settings\user1\mes documents\google drive\formation\c#__.net -- 819\projet de session\atrcommissions 2010\atrcommissions\testatrcommissions\bin\release\testatrcommissions.dll" id="cfe66615-67d6-a497-4e40-5bdfae618f5c">
      <Execution id="8f4de941-2223-45fc-ac87-dc905c771d8f" />
      <TestMethod codeBase="C:/Documents and Settings/user1/Mes documents/Google Drive/Formation/C#__.net -- 819/Projet de session/ATRCommissions 2010/ATRCommissions/TestATRCommissions/bin/Release/TestATRCommissions.DLL" adapterTypeName="Microsoft.VisualStudio.TestTools.TestTypes.Unit.UnitTestAdapter, Microsoft.VisualStudio.QualityTools.Tips.UnitTest.Adapter, Version=10.0.0.0, Culture=neutral, PublicKeyToken=b03f5f7f11d50a3a" className="TestATRCommissions.DAOTest, TestATRCommissions, Version=1.0.0.0, Culture=neutral, PublicKeyToken=null" name="SetNextMonthTest" />
    </UnitTest>
    <UnitTest name="GetCurrentDateTest" storage="c:\documents and settings\user1\mes documents\google drive\formation\c#__.net -- 819\projet de session\atrcommissions 2010\atrcommissions\testatrcommissions\bin\release\testatrcommissions.dll" id="f16503aa-d81e-55dd-3576-dc3de13389f8">
      <Execution id="9877de18-0048-4752-b6a9-d18dad7727ea" />
      <TestMethod codeBase="C:/Documents and Settings/user1/Mes documents/Google Drive/Formation/C#__.net -- 819/Projet de session/ATRCommissions 2010/ATRCommissions/TestATRCommissions/bin/Release/TestATRCommissions.DLL" adapterTypeName="Microsoft.VisualStudio.TestTools.TestTypes.Unit.UnitTestAdapter, Microsoft.VisualStudio.QualityTools.Tips.UnitTest.Adapter, Version=10.0.0.0, Culture=neutral, PublicKeyToken=b03f5f7f11d50a3a" className="TestATRCommissions.DAOTest, TestATRCommissions, Version=1.0.0.0, Culture=neutral, PublicKeyToken=null" name="GetCurrentDateTest" />
    </UnitTest>
    <UnitTest name="GetConnectionTest" storage="c:\documents and settings\user1\mes documents\google drive\formation\c#__.net -- 819\projet de session\atrcommissions 2010\atrcommissions\testatrcommissions\bin\release\testatrcommissions.dll" id="1662f486-70de-8681-1634-73167f85b770">
      <DeploymentItems>
        <DeploymentItem filename="ATRCommissions.exe" />
      </DeploymentItems>
      <Execution id="ec82cb85-6cf1-41af-99b1-3a0311731a13" />
      <TestMethod codeBase="C:/Documents and Settings/user1/Mes documents/Google Drive/Formation/C#__.net -- 819/Projet de session/ATRCommissions 2010/ATRCommissions/TestATRCommissions/bin/Release/TestATRCommissions.DLL" adapterTypeName="Microsoft.VisualStudio.TestTools.TestTypes.Unit.UnitTestAdapter, Microsoft.VisualStudio.QualityTools.Tips.UnitTest.Adapter, Version=10.0.0.0, Culture=neutral, PublicKeyToken=b03f5f7f11d50a3a" className="TestATRCommissions.DAOTest, TestATRCommissions, Version=1.0.0.0, Culture=neutral, PublicKeyToken=null" name="GetConnectionTest" />
    </UnitTest>
    <UnitTest name="SetNextDayTest" storage="c:\documents and settings\user1\mes documents\google drive\formation\c#__.net -- 819\projet de session\atrcommissions 2010\atrcommissions\testatrcommissions\bin\release\testatrcommissions.dll" id="20ca7984-00bb-0c4d-769c-adfcf831a920">
      <Execution id="03c02f3c-cbb9-455c-bb9a-c01d3a15d8ce" />
      <TestMethod codeBase="C:/Documents and Settings/user1/Mes documents/Google Drive/Formation/C#__.net -- 819/Projet de session/ATRCommissions 2010/ATRCommissions/TestATRCommissions/bin/Release/TestATRCommissions.DLL" adapterTypeName="Microsoft.VisualStudio.TestTools.TestTypes.Unit.UnitTestAdapter, Microsoft.VisualStudio.QualityTools.Tips.UnitTest.Adapter, Version=10.0.0.0, Culture=neutral, PublicKeyToken=b03f5f7f11d50a3a" className="TestATRCommissions.DAOTest, TestATRCommissions, Version=1.0.0.0, Culture=neutral, PublicKeyToken=null" name="SetNextDayTest" />
    </UnitTest>
  </TestDefinitions>
  <TestLists>
    <TestList name="Les résultats ne figurent pas dans une liste" id="8c84fa94-04c1-424b-9868-57a2d4851a1d" />
    <TestList name="Tous les résultats chargés" id="19431567-8539-422a-85d7-44ee4e166bda" />
  </TestLists>
  <TestEntries>
    <TestEntry testId="34728c7d-0743-621d-299e-b9ee219d2705" executionId="5cfa1f3b-9400-4c00-9dcc-758b6ef3dfc5" testListId="8c84fa94-04c1-424b-9868-57a2d4851a1d" />
    <TestEntry testId="f16503aa-d81e-55dd-3576-dc3de13389f8" executionId="9877de18-0048-4752-b6a9-d18dad7727ea" testListId="8c84fa94-04c1-424b-9868-57a2d4851a1d" />
    <TestEntry testId="1662f486-70de-8681-1634-73167f85b770" executionId="ec82cb85-6cf1-41af-99b1-3a0311731a13" testListId="8c84fa94-04c1-424b-9868-57a2d4851a1d" />
    <TestEntry testId="cfe66615-67d6-a497-4e40-5bdfae618f5c" executionId="8f4de941-2223-45fc-ac87-dc905c771d8f" testListId="8c84fa94-04c1-424b-9868-57a2d4851a1d" />
    <TestEntry testId="20ca7984-00bb-0c4d-769c-adfcf831a920" executionId="03c02f3c-cbb9-455c-bb9a-c01d3a15d8ce" testListId="8c84fa94-04c1-424b-9868-57a2d4851a1d" />
  </TestEntries>
  <Results>
    <UnitTestResult executionId="5cfa1f3b-9400-4c00-9dcc-758b6ef3dfc5" testId="34728c7d-0743-621d-299e-b9ee219d2705" testName="LoginTest" computerName="IBM-F6410F" duration="00:00:00.5061912" startTime="2013-03-21T00:34:26.2031250-04:00" endTime="2013-03-21T00:34:27.5000000-04:00" testType="13cdc9d9-ddb5-4fa4-a97d-d965ccfc6d4b" outcome="Passed" testListId="8c84fa94-04c1-424b-9868-57a2d4851a1d" relativeResultsDirectory="5cfa1f3b-9400-4c00-9dcc-758b6ef3dfc5">
      <Output>
        <DebugTrace>DAO Login - Connexion vers Oracle ...
DAO - Login  returnValue: Success
</DebugTrace>
      </Output>
    </UnitTestResult>
    <UnitTestResult executionId="9877de18-0048-4752-b6a9-d18dad7727ea" testId="f16503aa-d81e-55dd-3576-dc3de13389f8" testName="GetCurrentDateTest" computerName="IBM-F6410F" duration="00:00:00.0305670" startTime="2013-03-21T00:34:27.5312500-04:00" endTime="2013-03-21T00:34:27.5781250-04:00" testType="13cdc9d9-ddb5-4fa4-a97d-d965ccfc6d4b" outcome="Passed" testListId="8c84fa94-04c1-424b-9868-57a2d4851a1d" relativeResultsDirectory="9877de18-0048-4752-b6a9-d18dad7727ea">
    </UnitTestResult>
    <UnitTestResult executionId="ec82cb85-6cf1-41af-99b1-3a0311731a13" testId="1662f486-70de-8681-1634-73167f85b770" testName="GetConnectionTest" computerName="IBM-F6410F" duration="00:00:00.0609057" startTime="2013-03-21T00:34:27.6093750-04:00" endTime="2013-03-21T00:34:27.6718750-04:00" testType="13cdc9d9-ddb5-4fa4-a97d-d965ccfc6d4b" outcome="Passed" testListId="8c84fa94-04c1-424b-9868-57a2d4851a1d" relativeResultsDirectory="ec82cb85-6cf1-41af-99b1-3a0311731a13">
    </UnitTestResult>
    <UnitTestResult executionId="8f4de941-2223-45fc-ac87-dc905c771d8f" testId="cfe66615-67d6-a497-4e40-5bdfae618f5c" testName="SetNextMonthTest" computerName="IBM-F6410F" duration="00:00:00.0787124" startTime="2013-03-21T00:34:27.6875000-04:00" endTime="2013-03-21T00:34:27.7812500-04:00" testType="13cdc9d9-ddb5-4fa4-a97d-d965ccfc6d4b" outcome="Passed" testListId="8c84fa94-04c1-424b-9868-57a2d4851a1d" relativeResultsDirectory="8f4de941-2223-45fc-ac87-dc905c771d8f">
      <Output>
        <DebugTrace>DAO - SetNewDate()- currentDate:2014-07-01
</DebugTrace>
      </Output>
    </UnitTestResult>
    <UnitTestResult executionId="03c02f3c-cbb9-455c-bb9a-c01d3a15d8ce" testId="20ca7984-00bb-0c4d-769c-adfcf831a920" testName="SetNextDayTest" computerName="IBM-F6410F" duration="00:00:00.0445497" startTime="2013-03-21T00:34:27.7812500-04:00" endTime="2013-03-21T00:34:27.8437500-04:00" testType="13cdc9d9-ddb5-4fa4-a97d-d965ccfc6d4b" outcome="Passed" testListId="8c84fa94-04c1-424b-9868-57a2d4851a1d" relativeResultsDirectory="03c02f3c-cbb9-455c-bb9a-c01d3a15d8ce">
      <Output>
        <DebugTrace>DAO - SetNewDate()- currentDate:2014-07-02
</DebugTrace>
      </Output>
    </UnitTestResult>
  </Results>
</TestRun>